// Jest Snapshot v1, https://goo.gl/fbAQLP

exports[`Contact screen should render correclty 1`] = `
Object {
  "asFragment": [Function],
  "baseElement": <body>
    <div>
      <div
        class="sc-bdfBwQ gQQVoj"
      >
        <h1
          class="sc-gsTCUz"
        >
          Get in touch
        </h1>
        <p
          class="sc-dlfnbm gquITC"
        >
          It will be great to hear from you! Feel free to contact me for questions, or just to say hola!
        </p>
      </div>
      <form
        class="sc-hKgILt iKfnOl contact-form"
        id="contact"
      >
        <label
          class="sc-eCssSg visuallyhidden"
          for="name"
        />
        <input
          class="sc-jSgupP fhpxRR"
          id="name"
          name="user_name"
          placeholder="Name..."
          required=""
          type="text"
        />
        <label
          class="sc-eCssSg visuallyhidden"
          for="email"
        />
        <input
          aria-describedby="email-address"
          aria-invalid="true"
          class="sc-jSgupP fhpxRR"
          id="email"
          name="user_email"
          placeholder="Email..."
          required=""
          type="text"
        />
        <label
          class="sc-eCssSg visuallyhidden"
          for="message"
        />
        <textarea
          class="sc-gKsewC ciGxfK"
          id="message"
          name="message"
          placeholder="Leave your message..."
          required=""
        />
        <input
          class="sc-jSgupP fhpxRR"
          type="submit"
          value="Send message"
        />
      </form>
    </div>
  </body>,
  "container": <div>
    <div
      class="sc-bdfBwQ gQQVoj"
    >
      <h1
        class="sc-gsTCUz"
      >
        Get in touch
      </h1>
      <p
        class="sc-dlfnbm gquITC"
      >
        It will be great to hear from you! Feel free to contact me for questions, or just to say hola!
      </p>
    </div>
    <form
      class="sc-hKgILt iKfnOl contact-form"
      id="contact"
    >
      <label
        class="sc-eCssSg visuallyhidden"
        for="name"
      />
      <input
        class="sc-jSgupP fhpxRR"
        id="name"
        name="user_name"
        placeholder="Name..."
        required=""
        type="text"
      />
      <label
        class="sc-eCssSg visuallyhidden"
        for="email"
      />
      <input
        aria-describedby="email-address"
        aria-invalid="true"
        class="sc-jSgupP fhpxRR"
        id="email"
        name="user_email"
        placeholder="Email..."
        required=""
        type="text"
      />
      <label
        class="sc-eCssSg visuallyhidden"
        for="message"
      />
      <textarea
        class="sc-gKsewC ciGxfK"
        id="message"
        name="message"
        placeholder="Leave your message..."
        required=""
      />
      <input
        class="sc-jSgupP fhpxRR"
        type="submit"
        value="Send message"
      />
    </form>
  </div>,
  "debug": [Function],
  "findAllByAltText": [Function],
  "findAllByDisplayValue": [Function],
  "findAllByLabelText": [Function],
  "findAllByPlaceholderText": [Function],
  "findAllByRole": [Function],
  "findAllByTestId": [Function],
  "findAllByText": [Function],
  "findAllByTitle": [Function],
  "findByAltText": [Function],
  "findByDisplayValue": [Function],
  "findByLabelText": [Function],
  "findByPlaceholderText": [Function],
  "findByRole": [Function],
  "findByTestId": [Function],
  "findByText": [Function],
  "findByTitle": [Function],
  "getAllByAltText": [Function],
  "getAllByDisplayValue": [Function],
  "getAllByLabelText": [Function],
  "getAllByPlaceholderText": [Function],
  "getAllByRole": [Function],
  "getAllByTestId": [Function],
  "getAllByText": [Function],
  "getAllByTitle": [Function],
  "getByAltText": [Function],
  "getByDisplayValue": [Function],
  "getByLabelText": [Function],
  "getByPlaceholderText": [Function],
  "getByRole": [Function],
  "getByTestId": [Function],
  "getByText": [Function],
  "getByTitle": [Function],
  "queryAllByAltText": [Function],
  "queryAllByDisplayValue": [Function],
  "queryAllByLabelText": [Function],
  "queryAllByPlaceholderText": [Function],
  "queryAllByRole": [Function],
  "queryAllByTestId": [Function],
  "queryAllByText": [Function],
  "queryAllByTitle": [Function],
  "queryByAltText": [Function],
  "queryByDisplayValue": [Function],
  "queryByLabelText": [Function],
  "queryByPlaceholderText": [Function],
  "queryByRole": [Function],
  "queryByTestId": [Function],
  "queryByText": [Function],
  "queryByTitle": [Function],
  "rerender": [Function],
  "unmount": [Function],
}
`;
